.\mvnw.cmd : WARNING: A restricted method in java.lang.System has been called
At line:1 char:52
+ ... penjdk-25"; .\mvnw.cmd exec:java "-Dexec.mainClass=application.util.T ...
+                 ~~~~~~~~~~~~~~~~~~~~~~~~~~~~~~~~~~~~~~~~~~~~~~~~~~~~~~~~~
    + CategoryInfo          : NotSpecified: (WARNING: A rest...has been called:String) [], RemoteException
    + FullyQualifiedErrorId : NativeCommandError
 
WARNING: java.lang.System::load has been called by org.fusesource.jansi.internal.JansiLoader in an unnamed module (file
:/C:/Users/LEGION/.m2/wrapper/dists/apache-maven-3.8.5-bin/5i5jha092a3i37g0paqnfr15e0/apache-maven-3.8.5/lib/jansi-2.4.
0.jar)
WARNING: Use --enable-native-access=ALL-UNNAMED to avoid a warning for callers in this module
WARNING: Restricted methods will be blocked in a future release unless native access is enabled

WARNING: A terminally deprecated method in sun.misc.Unsafe has been called
WARNING: sun.misc.Unsafe::objectFieldOffset has been called by 
com.google.common.util.concurrent.AbstractFuture$UnsafeAtomicHelper (file:/C:/Users/LEGION/.m2/wrapper/dists/apache-mav
en-3.8.5-bin/5i5jha092a3i37g0paqnfr15e0/apache-maven-3.8.5/lib/guava-25.1-android.jar)
WARNING: Please consider reporting this to the maintainers of class 
com.google.common.util.concurrent.AbstractFuture$UnsafeAtomicHelper
WARNING: sun.misc.Unsafe::objectFieldOffset will be removed in a future release
[INFO] Scanning for projects...
[INFO] 
[INFO] -----------------------< application:StockPilot >-----------------------
[INFO] Building StockPilot 1.0-SNAPSHOT
[INFO] --------------------------------[ jar ]---------------------------------
[INFO] 
[INFO] --- exec-maven-plugin:3.6.3:java (default-cli) @ StockPilot ---
Jun 06, 2026 3:42:00 AM com.sun.javafx.application.PlatformImpl startup
WARNING: Unsupported JavaFX configuration: classes were loaded from 'unnamed module @56a99d44'
Loading dashboard...
[DB] Connection established.
[DB] Schema initialised.
[DB] Connection established.
[DB] Schema initialised.
SUCCESS: dashboard
Loading catalogue...
SUCCESS: catalogue
Loading product_form...
SUCCESS: product_form
Loading selling...
SUCCESS: selling
Loading activity_log...
SUCCESS: activity_log
Loading settings...
SUCCESS: settings
java.lang.IllegalStateException: This operation is permitted on the event thread only; currentThread = JavaFX 
Application Thread
	at com.sun.glass.ui.Application.checkEventThread(Application.java:442)
	at com.sun.glass.ui.Screen.getVideoRefreshPeriod(Screen.java:47)
	at com.sun.javafx.tk.quantum.QuantumToolkit.runToolkit(QuantumToolkit.java:388)
	at com.sun.javafx.tk.quantum.QuantumToolkit.lambda$startup$0(QuantumToolkit.java:284)
	at com.sun.glass.ui.Application.lambda$run$0(Application.java:152)
	at com.sun.glass.ui.win.WinApplication._runLoop(Native Method)
	at com.sun.glass.ui.win.WinApplication.lambda$runLoop$0(WinApplication.java:168)
	at java.base/java.lang.Thread.run(Thread.java:1474)
[INFO] ------------------------------------------------------------------------
[INFO] BUILD SUCCESS
[INFO] ------------------------------------------------------------------------
[INFO] Total time:  3.583 s
[INFO] Finished at: 2026-06-06T03:42:03+01:00
[INFO] ------------------------------------------------------------------------
